Archive member included to satisfy reference by file (symbol)

C:/ST/STM32CubeIDE_1.18.1/STM32CubeIDE/plugins/com.st.stm32cube.ide.mcu.externaltools.gnu-tools-for-stm32.13.3.rel1.win32_1.0.0.202411081344/tools/bin/../lib/gcc/arm-none-eabi/13.3.1/../../../../arm-none-eabi/lib/thumb/v7e-m+fp/hard\libc_nano.a(libc_a-exit.o)
                              C:/ST/STM32CubeIDE_1.18.1/STM32CubeIDE/plugins/com.st.stm32cube.ide.mcu.externaltools.gnu-tools-for-stm32.13.3.rel1.win32_1.0.0.202411081344/tools/bin/../lib/gcc/arm-none-eabi/13.3.1/../../../../arm-none-eabi/lib/thumb/v7e-m+fp/hard/crt0.o (exit)
C:/ST/STM32CubeIDE_1.18.1/STM32CubeIDE/plugins/com.st.stm32cube.ide.mcu.externaltools.gnu-tools-for-stm32.13.3.rel1.win32_1.0.0.202411081344/tools/bin/../lib/gcc/arm-none-eabi/13.3.1/../../../../arm-none-eabi/lib/thumb/v7e-m+fp/hard\libc_nano.a(libc_a-findfp.o)
                              C:/ST/STM32CubeIDE_1.18.1/STM32CubeIDE/plugins/com.st.stm32cube.ide.mcu.externaltools.gnu-tools-for-stm32.13.3.rel1.win32_1.0.0.202411081344/tools/bin/../lib/gcc/arm-none-eabi/13.3.1/../../../../arm-none-eabi/lib/thumb/v7e-m+fp/hard\libc_nano.a(libc_a-exit.o) (__stdio_exit_handler)
C:/ST/STM32CubeIDE_1.18.1/STM32CubeIDE/plugins/com.st.stm32cube.ide.mcu.externaltools.gnu-tools-for-stm32.13.3.rel1.win32_1.0.0.202411081344/tools/bin/../lib/gcc/arm-none-eabi/13.3.1/../../../../arm-none-eabi/lib/thumb/v7e-m+fp/hard\libc_nano.a(libc_a-fwalk.o)
                              C:/ST/STM32CubeIDE_1.18.1/STM32CubeIDE/plugins/com.st.stm32cube.ide.mcu.externaltools.gnu-tools-for-stm32.13.3.rel1.win32_1.0.0.202411081344/tools/bin/../lib/gcc/arm-none-eabi/13.3.1/../../../../arm-none-eabi/lib/thumb/v7e-m+fp/hard\libc_nano.a(libc_a-findfp.o) (_fwalk_sglue)
C:/ST/STM32CubeIDE_1.18.1/STM32CubeIDE/plugins/com.st.stm32cube.ide.mcu.externaltools.gnu-tools-for-stm32.13.3.rel1.win32_1.0.0.202411081344/tools/bin/../lib/gcc/arm-none-eabi/13.3.1/../../../../arm-none-eabi/lib/thumb/v7e-m+fp/hard\libc_nano.a(libc_a-stdio.o)
                              C:/ST/STM32CubeIDE_1.18.1/STM32CubeIDE/plugins/com.st.stm32cube.ide.mcu.externaltools.gnu-tools-for-stm32.13.3.rel1.win32_1.0.0.202411081344/tools/bin/../lib/gcc/arm-none-eabi/13.3.1/../../../../arm-none-eabi/lib/thumb/v7e-m+fp/hard\libc_nano.a(libc_a-findfp.o) (__sread)
C:/ST/STM32CubeIDE_1.18.1/STM32CubeIDE/plugins/com.st.stm32cube.ide.mcu.externaltools.gnu-tools-for-stm32.13.3.rel1.win32_1.0.0.202411081344/tools/bin/../lib/gcc/arm-none-eabi/13.3.1/../../../../arm-none-eabi/lib/thumb/v7e-m+fp/hard\libc_nano.a(libc_a-memset.o)
                              C:/ST/STM32CubeIDE_1.18.1/STM32CubeIDE/plugins/com.st.stm32cube.ide.mcu.externaltools.gnu-tools-for-stm32.13.3.rel1.win32_1.0.0.202411081344/tools/bin/../lib/gcc/arm-none-eabi/13.3.1/../../../../arm-none-eabi/lib/thumb/v7e-m+fp/hard/crt0.o (memset)
C:/ST/STM32CubeIDE_1.18.1/STM32CubeIDE/plugins/com.st.stm32cube.ide.mcu.externaltools.gnu-tools-for-stm32.13.3.rel1.win32_1.0.0.202411081344/tools/bin/../lib/gcc/arm-none-eabi/13.3.1/../../../../arm-none-eabi/lib/thumb/v7e-m+fp/hard\libc_nano.a(libc_a-closer.o)
                              C:/ST/STM32CubeIDE_1.18.1/STM32CubeIDE/plugins/com.st.stm32cube.ide.mcu.externaltools.gnu-tools-for-stm32.13.3.rel1.win32_1.0.0.202411081344/tools/bin/../lib/gcc/arm-none-eabi/13.3.1/../../../../arm-none-eabi/lib/thumb/v7e-m+fp/hard\libc_nano.a(libc_a-stdio.o) (_close_r)
C:/ST/STM32CubeIDE_1.18.1/STM32CubeIDE/plugins/com.st.stm32cube.ide.mcu.externaltools.gnu-tools-for-stm32.13.3.rel1.win32_1.0.0.202411081344/tools/bin/../lib/gcc/arm-none-eabi/13.3.1/../../../../arm-none-eabi/lib/thumb/v7e-m+fp/hard\libc_nano.a(libc_a-reent.o)
                              C:/ST/STM32CubeIDE_1.18.1/STM32CubeIDE/plugins/com.st.stm32cube.ide.mcu.externaltools.gnu-tools-for-stm32.13.3.rel1.win32_1.0.0.202411081344/tools/bin/../lib/gcc/arm-none-eabi/13.3.1/../../../../arm-none-eabi/lib/thumb/v7e-m+fp/hard\libc_nano.a(libc_a-closer.o) (errno)
C:/ST/STM32CubeIDE_1.18.1/STM32CubeIDE/plugins/com.st.stm32cube.ide.mcu.externaltools.gnu-tools-for-stm32.13.3.rel1.win32_1.0.0.202411081344/tools/bin/../lib/gcc/arm-none-eabi/13.3.1/../../../../arm-none-eabi/lib/thumb/v7e-m+fp/hard\libc_nano.a(libc_a-impure.o)
                              C:/ST/STM32CubeIDE_1.18.1/STM32CubeIDE/plugins/com.st.stm32cube.ide.mcu.externaltools.gnu-tools-for-stm32.13.3.rel1.win32_1.0.0.202411081344/tools/bin/../lib/gcc/arm-none-eabi/13.3.1/../../../../arm-none-eabi/lib/thumb/v7e-m+fp/hard\libc_nano.a(libc_a-reent.o) (_impure_ptr)
C:/ST/STM32CubeIDE_1.18.1/STM32CubeIDE/plugins/com.st.stm32cube.ide.mcu.externaltools.gnu-tools-for-stm32.13.3.rel1.win32_1.0.0.202411081344/tools/bin/../lib/gcc/arm-none-eabi/13.3.1/../../../../arm-none-eabi/lib/thumb/v7e-m+fp/hard\libc_nano.a(libc_a-lseekr.o)
[...]
Memory Configuration

Name             Origin             Length             Attributes
RAM              0x20000000         0x00018000         xrw
FLASH            0x08000000         0x00080000         xr
*default*        0x00000000         0xffffffff

Linker script and memory map

LOAD C:/ST/STM32CubeIDE_1.18.1/STM32CubeIDE/plugins/com.st.stm32cube.ide.mcu.externaltools.gnu-tools-for-stm32.13.3.rel1.win32_1.0.0.202411081344/tools/bin/../lib/gcc/arm-none-eabi/13.3.1/thumb/v7e-m+fp/hard/crti.o
LOAD C:/ST/STM32CubeIDE_1.18.1/STM32CubeIDE/plugins/com.st.stm32cube.ide.mcu.externaltools.gnu-tools-for-stm32.13.3.rel1.win32_1.0.0.202411081344/tools/bin/../lib/gcc/arm-none-eabi/13.3.1/thumb/v7e-m+fp/hard/crtbegin.o
LOAD C:/ST/STM32CubeIDE_1.18.1/STM32CubeIDE/plugins/com.st.stm32cube.ide.mcu.externaltools.gnu-tools-for-stm32.13.3.rel1.win32_1.0.0.202411081344/tools/bin/../lib/gcc/arm-none-eabi/13.3.1/../../../../arm-none-eabi/lib/thumb/v7e-m+fp/hard/crt0.o
LOAD ./Core/Src/main.o
LOAD ./Core/Src/motor_control.o
LOAD ./Core/Src/stm32f4xx_hal_msp.o
LOAD ./Core/Src/stm32f4xx_it.o
LOAD ./Core/Src/syscalls.o
LOAD ./Core/Src/sysmem.o
LOAD ./Core/Src/system_stm32f4xx.o
LOAD ./Core/Src/uart_handler.o
LOAD ./Core/Startup/startup_stm32f401retx.o
LOAD ./Drivers/STM32F4xx_HAL_Driver/Src/stm32f4xx_hal.o
LOAD ./Drivers/STM32F4xx_HAL_Driver/Src/stm32f4xx_hal_cortex.o
LOAD ./Drivers/STM32F4xx_HAL_Driver/Src/stm32f4xx_hal_dma.o
LOAD ./Drivers/STM32F4xx_HAL_Driver/Src/stm32f4xx_hal_dma_ex.o
LOAD ./Drivers/STM32F4xx_HAL_Driver/Src/stm32f4xx_hal_exti.o
LOAD ./Drivers/STM32F4xx_HAL_Driver/Src/stm32f4xx_hal_flash.o
LOAD ./Drivers/STM32F4xx_HAL_Driver/Src/stm32f4xx_hal_flash_ex.o
LOAD ./Drivers/STM32F4xx_HAL_Driver/Src/stm32f4xx_hal_flash_ramfunc.o
LOAD ./Drivers/STM32F4xx_HAL_Driver/Src/stm32f4xx_hal_gpio.o
LOAD ./Drivers/STM32F4xx_HAL_Driver/Src/stm32f4xx_hal_pwr.o
LOAD ./Drivers/STM32F4xx_HAL_Driver/Src/stm32f4xx_hal_pwr_ex.o
LOAD ./Drivers/STM32F4xx_HAL_Driver/Src/stm32f4xx_hal_rcc.o
LOAD ./Drivers/STM32F4xx_HAL_Driver/Src/stm32f4xx_hal_rcc_ex.o
LOAD ./Drivers/STM32F4xx_HAL_Driver/Src/stm32f4xx_hal_tim.o
LOAD ./Drivers/STM32F4xx_HAL_Driver/Src/stm32f4xx_hal_tim_ex.o
LOAD ./Drivers/STM32F4xx_HAL_Driver/Src/stm32f4xx_hal_uart.o
START GROUP
LOAD C:/ST/STM32CubeIDE_1.18.1/STM32CubeIDE/plugins/com.st.stm32cube.ide.mcu.externaltools.gnu-tools-for-stm32.13.3.rel1.win32_1.0.0.202411081344/tools/bin/../lib/gcc/arm-none-eabi/13.3.1/../../../../arm-none-eabi/lib/thumb/v7e-m+fp/hard\libc_nano.a
LOAD C:/ST/STM32CubeIDE_1.18.1/STM32CubeIDE/plugins/com.st.stm32cube.ide.mcu.externaltools.gnu-tools-for-stm32.13.3.rel1.win32_1.0.0.202411081344/tools/bin/../lib/gcc/arm-none-eabi/13.3.1/../../../../arm-none-eabi/lib/thumb/v7e-m+fp/hard\libm.a
END GROUP
START GROUP
LOAD C:/ST/STM32CubeIDE_1.18.1/STM32CubeIDE/plugins/com.st.stm32cube.ide.mcu.externaltools.gnu-tools-for-stm32.13.3.rel1.win32_1.0.0.202411081344/tools/bin/../lib/gcc/arm-none-eabi/13.3.1/thumb/v7e-m+fp/hard\libgcc.a
LOAD C:/ST/STM32CubeIDE_1.18.1/STM32CubeIDE/plugins/com.st.stm32cube.ide.mcu.externaltools.gnu-tools-for-stm32.13.3.rel1.win32_1.0.0.202411081344/tools/bin/../lib/gcc/arm-none-eabi/13.3.1/../../../../arm-none-eabi/lib/thumb/v7e-m+fp/hard\libc_nano.a
END GROUP
START GROUP
LOAD C:/ST/STM32CubeIDE_1.18.1/STM32CubeIDE/plugins/com.st.stm32cube.ide.mcu.externaltools.gnu-tools-for-stm32.13.3.rel1.win32_1.0.0.202411081344/tools/bin/../lib/gcc/arm-none-eabi/13.3.1/thumb/v7e-m+fp/hard\libgcc.a
LOAD C:/ST/STM32CubeIDE_1.18.1/STM32CubeIDE/plugins/com.st.stm32cube.ide.mcu.externaltools.gnu-tools-for-stm32.13.3.rel1.win32_1.0.0.202411081344/tools/bin/../lib/gcc/arm-none-eabi/13.3.1/../../../../arm-none-eabi/lib/thumb/v7e-m+fp/hard\libc_nano.a
LOAD C:/ST/STM32CubeIDE_1.18.1/STM32CubeIDE/plugins/com.st.stm32cube.ide.mcu.externaltools.gnu-tools-for-stm32.13.3.rel1.win32_1.0.0.202411081344/tools/bin/../lib/gcc/arm-none-eabi/13.3.1/../../../../arm-none-eabi/lib/thumb/v7e-m+fp/hard\libnosys.a
END GROUP
START GROUP
LOAD C:/ST/STM32CubeIDE_1.18.1/STM32CubeIDE/plugins/com.st.stm32cube.ide.mcu.externaltools.gnu-tools-for-stm32.13.3.rel1.win32_1.0.0.202411081344/tools/bin/../lib/gcc/arm-none-eabi/13.3.1/thumb/v7e-m+fp/hard\libgcc.a
LOAD C:/ST/STM32CubeIDE_1.18.1/STM32CubeIDE/plugins/com.st.stm32cube.ide.mcu.externaltools.gnu-tools-for-stm32.13.3.rel1.win32_1.0.0.202411081344/tools/bin/../lib/gcc/arm-none-eabi/13.3.1/../../../../arm-none-eabi/lib/thumb/v7e-m+fp/hard\libc_nano.a
LOAD C:/ST/STM32CubeIDE_1.18.1/STM32CubeIDE/plugins/com.st.stm32cube.ide.mcu.externaltools.gnu-tools-for-stm32.13.3.rel1.win32_1.0.0.202411081344/tools/bin/../lib/gcc/arm-none-eabi/13.3.1/../../../../arm-none-eabi/lib/thumb/v7e-m+fp/hard\libnosys.a
END GROUP
LOAD C:/ST/STM32CubeIDE_1.18.1/STM32CubeIDE/plugins/com.st.stm32cube.ide.mcu.externaltools.gnu-tools-for-stm32.13.3.rel1.win32_1.0.0.202411081344/tools/bin/../lib/gcc/arm-none-eabi/13.3.1/thumb/v7e-m+fp/hard/crtend.o
LOAD C:/ST/STM32CubeIDE_1.18.1/STM32CubeIDE/plugins/com.st.stm32cube.ide.mcu.externaltools.gnu-tools-for-stm32.13.3.rel1.win32_1.0.0.202411081344/tools/bin/../lib/gcc/arm-none-eabi/13.3.1/thumb/v7e-m+fp/hard/crtn.o
                0x20018000                        _estack = (ORIGIN (RAM) + LENGTH (RAM))
                0x00000200                        _Min_Heap_Size = 0x200
                0x00000400                        _Min_Stack_Size = 0x400

.isr_vector     0x08000000      0x194
                0x08000000                        . = ALIGN (0x4)
 *(.isr_vector)
 .isr_vector    0x08000000      0x194 ./Core/Startup/startup_stm32f401retx.o
                0x08000000                g_pfnVectors
                0x08000194                        . = ALIGN (0x4)

.text           0x08000194     0x3854
                0x08000194                        . = ALIGN (0x4)
 *(.text)
 .text          0x08000194       0x40 C:/ST/STM32CubeIDE_1.18.1/STM32CubeIDE/plugins/com.st.stm32cube.ide.mcu.externaltools.gnu-tools-for-stm32.13.3.rel1.win32_1.0.0.202411081344/tools/bin/../lib/gcc/arm-none-eabi/13.3.1/thumb/v7e-m+fp/hard/crtbegin.o
 .text          0x080001d4       0x30 C:/ST/STM32CubeIDE_1.18.1/STM32CubeIDE/plugins/com.st.stm32cube.ide.mcu.externaltools.gnu-tools-for-stm32.13.3.rel1.win32_1.0.0.202411081344/tools/bin/../lib/gcc/arm-none-eabi/13.3.1/thumb/v7e-m+fp/hard\libgcc.a(_aeabi_uldivmod.o)
                0x080001d4                __aeabi_uldivmod
 .text          0x08000204      0x2f8 C:/ST/STM32CubeIDE_1.18.1/STM32CubeIDE/plugins/com.st.stm32cube.ide.mcu.externaltools.gnu-tools-for-stm32.13.3.rel1.win32_1.0.0.202411081344/tools/bin/../lib/gcc/arm-none-eabi/13.3.1/thumb/v7e-m+fp/hard\libgcc.a(_udivmoddi4.o)
                0x08000204                __udivmoddi4
 .text          0x080004fc        0x4 C:/ST/STM32CubeIDE_1.18.1/STM32CubeIDE/plugins/com.st.stm32cube.ide.mcu.externaltools.gnu-tools-for-stm32.13.3.rel1.win32_1.0.0.202411081344/tools/bin/../lib/gcc/arm-none-eabi/13.3.1/thumb/v7e-m+fp/hard\libgcc.a(_dvmd_tls.o)
                0x080004fc                __aeabi_idiv0
                0x080004fc                __aeabi_ldiv0
 *(.text*)
 .text.main     0x08000500       0x60 ./Core/Src/main.o
                0x08000500                main
 .text.SystemClock_Config
                0x08000560       0xd8 ./Core/Src/main.o
                0x08000560                SystemClock_Config
 .text.MX_TIM2_Init
                0x08000638       0xc8 ./Core/Src/main.o
 .text.MX_TIM3_Init
                0x08000700       0xc8 ./Core/Src/main.o
 .text.MX_USART1_UART_Init
                0x080007c8       0x54 ./Core/Src/main.o
 .text.MX_GPIO_Init
                0x0800081c       0x98 ./Core/Src/main.o
 .text.Error_Handler
                0x080008b4        0xc ./Core/Src/main.o
                0x080008b4                Error_Handler
 .text.L9110s_Init
                0x080008c0       0x34 ./Core/Src/motor_control.o
                0x080008c0                L9110s_Init
 .text.L9110s_SetPWM
                0x080008f4       0x78 ./Core/Src/motor_control.o
                0x080008f4                L9110s_SetPWM
 .text.L9110s_MotorControl
                0x0800096c       0xc2 ./Core/Src/motor_control.o
                0x0800096c                L9110s_MotorControl
 .text.L9110s_MoveForward
                0x08000a2e       0x1e ./Core/Src/motor_control.o
                0x08000a2e                L9110s_MoveForward
 .text.L9110s_MoveBackward
                0x08000a4c       0x1e ./Core/Src/motor_control.o
                0x08000a4c                L9110s_MoveBackward
 .text.L9110s_TurnLeft
                0x08000a6a       0x1e ./Core/Src/motor_control.o
                0x08000a6a                L9110s_TurnLeft
 .text.L9110s_TurnRight
                0x08000a88       0x1e ./Core/Src/motor_control.o
                0x08000a88                L9110s_TurnRight
 .text.L9110s_Stop
                0x08000aa6       0x14 ./Core/Src/motor_control.o
                0x08000aa6                L9110s_Stop
 *fill*         0x08000aba        0x2 
 .text.HAL_MspInit
                0x08000abc       0x50 ./Core/Src/stm32f4xx_hal_msp.o
                0x08000abc                HAL_MspInit
 .text.HAL_TIM_PWM_MspInit
                0x08000b0c       0x6c ./Core/Src/stm32f4xx_hal_msp.o
                0x08000b0c                HAL_TIM_PWM_MspInit
 .text.HAL_TIM_MspPostInit
                0x08000b78       0xfc ./Core/Src/stm32f4xx_hal_msp.o
                0x08000b78                HAL_TIM_MspPostInit
 .text.HAL_UART_MspInit
                0x08000c74       0xa0 ./Core/Src/stm32f4xx_hal_msp.o
                0x08000c74                HAL_UART_MspInit
 .text.NMI_Handler
                0x08000d14        0x8 ./Core/Src/stm32f4xx_it.o
                0x08000d14                NMI_Handler
 .text.HardFault_Handler
                0x08000d1c        0x8 ./Core/Src/stm32f4xx_it.o
                0x08000d1c                HardFault_Handler
 .text.MemManage_Handler
                0x08000d24        0x8 ./Core/Src/stm32f4xx_it.o
                0x08000d24                MemManage_Handler
 .text.BusFault_Handler
                0x08000d2c        0x8 ./Core/Src/stm32f4xx_it.o
                0x08000d2c                BusFault_Handler
 .text.UsageFault_Handler
                0x08000d34        0x8 ./Core/Src/stm32f4xx_it.o
                0x08000d34                UsageFault_Handler
 .text.SVC_Handler
                0x08000d3c        0xe ./Core/Src/stm32f4xx_it.o
                0x08000d3c                SVC_Handler
 .text.DebugMon_Handler
                0x08000d4a        0xe ./Core/Src/stm32f4xx_it.o
                0x08000d4a                DebugMon_Handler
 .text.PendSV_Handler
                0x08000d58        0xe ./Core/Src/stm32f4xx_it.o
                0x08000d58                PendSV_Handler
 .text.SysTick_Handler
                0x08000d66        0xc ./Core/Src/stm32f4xx_it.o
                0x08000d66                SysTick_Handler
 *fill*         0x08000d72        0x2 
 .text.USART1_IRQHandler
                0x08000d74       0x14 ./Core/Src/stm32f4xx_it.o
                0x08000d74                USART1_IRQHandler
 .text.SystemInit
                0x08000d88       0x24 ./Core/Src/system_stm32f4xx.o
                0x08000d88                SystemInit
 .text.HAL_UART_RxCpltCallback
                0x08000dac       0x48 ./Core/Src/uart_handler.o
                0x08000dac                HAL_UART_RxCpltCallback
 .text.UART_ProcessCommand
                0x08000df4       0xb8 ./Core/Src/uart_handler.o
                0x08000df4                UART_ProcessCommand
 .text.UART_SendResponse
                0x08000eac       0x24 ./Core/Src/uart_handler.o
                0x08000eac                UART_SendResponse
 .text.Reset_Handler
                0x08000ed0       0x50 ./Core/Startup/startup_stm32f401retx.o
                0x08000ed0                Reset_Handler
 .text.Default_Handler
                0x08000f20        0x2 ./Core/Startup/startup_stm32f401retx.o
                0x08000f20                RTC_Alarm_IRQHandler
                0x08000f20                EXTI2_IRQHandler
                0x08000f20                SPI4_IRQHandler
                0x08000f20                TIM1_CC_IRQHandler
                0x08000f20                DMA2_Stream5_IRQHandler
                0x08000f20                DMA1_Stream5_IRQHandler
                0x08000f20                PVD_IRQHandler
                0x08000f20                SDIO_IRQHandler
                0x08000f20                TAMP_STAMP_IRQHandler
                0x08000f20                EXTI3_IRQHandler
                0x08000f20                TIM1_UP_TIM10_IRQHandler
                0x08000f20                I2C3_ER_IRQHandler
                0x08000f20                EXTI0_IRQHandler
                0x08000f20                I2C2_EV_IRQHandler
                0x08000f20                DMA1_Stream2_IRQHandler
                0x08000f20                FPU_IRQHandler
                0x08000f20                DMA2_Stream2_IRQHandler
                0x08000f20                SPI1_IRQHandler
                0x08000f20                TIM1_BRK_TIM9_IRQHandler
                0x08000f20                DMA2_Stream3_IRQHandler
                0x08000f20                USART6_IRQHandler
                0x08000f20                DMA2_Stream0_IRQHandler
                0x08000f20                TIM4_IRQHandler
                0x08000f20                I2C1_EV_IRQHandler
                0x08000f20                DMA1_Stream6_IRQHandler
                0x08000f20                DMA1_Stream1_IRQHandler
                0x08000f20                TIM3_IRQHandler
                0x08000f20                RCC_IRQHandler
                0x08000f20                Default_Handler
                0x08000f20                EXTI15_10_IRQHandler
                0x08000f20                ADC_IRQHandler
                0x08000f20                DMA1_Stream7_IRQHandler
                0x08000f20                TIM5_IRQHandler
                0x08000f20                DMA2_Stream7_IRQHandler
                0x08000f20                I2C3_EV_IRQHandler
                0x08000f20                EXTI9_5_IRQHandler
                0x08000f20                RTC_WKUP_IRQHandler
                0x08000f20                SPI2_IRQHandler
                0x08000f20                DMA1_Stream0_IRQHandler
                0x08000f20                EXTI4_IRQHandler
                0x08000f20                WWDG_IRQHandler
                0x08000f20                TIM2_IRQHandler
                0x08000f20                OTG_FS_WKUP_IRQHandler
                0x08000f20                TIM1_TRG_COM_TIM11_IRQHandler
                0x08000f20                EXTI1_IRQHandler
                0x08000f20                USART2_IRQHandler
                0x08000f20                I2C2_ER_IRQHandler
                0x08000f20                DMA2_Stream1_IRQHandler
                0x08000f20                FLASH_IRQHandler
                0x08000f20                DMA2_Stream4_IRQHandler
                0x08000f20                OTG_FS_IRQHandler
                0x08000f20                SPI3_IRQHandler
                0x08000f20                DMA1_Stream4_IRQHandler
                0x08000f20                I2C1_ER_IRQHandler
                0x08000f20                DMA2_Stream6_IRQHandler
                0x08000f20                DMA1_Stream3_IRQHandler
 *fill*         0x08000f22        0x2 
 .text.HAL_Init
                0x08000f24       0x44 ./Drivers/STM32F4xx_HAL_Driver/Src/stm32f4xx_hal.o
                0x08000f24                HAL_Init
 .text.HAL_InitTick
                0x08000f68       0x60 ./Drivers/STM32F4xx_HAL_Driver/Src/stm32f4xx_hal.o
                0x08000f68                HAL_InitTick
 .text.HAL_IncTick
                0x08000fc8       0x28 ./Drivers/STM32F4xx_HAL_Driver/Src/stm32f4xx_hal.o
                0x08000fc8                HAL_IncTick
 .text.HAL_GetTick
                0x08000ff0       0x18 ./Drivers/STM32F4xx_HAL_Driver/Src/stm32f4xx_hal.o
                0x08000ff0                HAL_GetTick
 .text.HAL_Delay
                0x08001008       0x48 ./Drivers/STM32F4xx_HAL_Driver/Src/stm32f4xx_hal.o
                0x08001008                HAL_Delay
 .text.__NVIC_SetPriorityGrouping
                0x08001050       0x48 ./Drivers/STM32F4xx_HAL_Driver/Src/stm32f4xx_hal_cortex.o
 .text.__NVIC_GetPriorityGrouping
                0x08001098       0x1c ./Drivers/STM32F4xx_HAL_Driver/Src/stm32f4xx_hal_cortex.o
 .text.__NVIC_EnableIRQ
                0x080010b4       0x3c ./Drivers/STM32F4xx_HAL_Driver/Src/stm32f4xx_hal_cortex.o
 .text.__NVIC_SetPriority
                0x080010f0       0x54 ./Drivers/STM32F4xx_HAL_Driver/Src/stm32f4xx_hal_cortex.o
 .text.NVIC_EncodePriority
                0x08001144       0x66 ./Drivers/STM32F4xx_HAL_Driver/Src/stm32f4xx_hal_cortex.o
 *fill*         0x080011aa        0x2 
 .text.SysTick_Config
                0x080011ac       0x44 ./Drivers/STM32F4xx_HAL_Driver/Src/stm32f4xx_hal_cortex.o
 .text.HAL_NVIC_SetPriorityGrouping
                0x080011f0       0x16 ./Drivers/STM32F4xx_HAL_Driver/Src/stm32f4xx_hal_cortex.o
                0x080011f0                HAL_NVIC_SetPriorityGrouping
 .text.HAL_NVIC_SetPriority
                0x08001206       0x38 ./Drivers/STM32F4xx_HAL_Driver/Src/stm32f4xx_hal_cortex.o
                0x08001206                HAL_NVIC_SetPriority
 .text.HAL_NVIC_EnableIRQ
                0x0800123e       0x1c ./Drivers/STM32F4xx_HAL_Driver/Src/stm32f4xx_hal_cortex.o
                0x0800123e                HAL_NVIC_EnableIRQ
 .text.HAL_SYSTICK_Config
                0x0800125a       0x18 ./Drivers/STM32F4xx_HAL_Driver/Src/stm32f4xx_hal_cortex.o
                0x0800125a                HAL_SYSTICK_Config
 .text.HAL_DMA_Abort
                0x08001272       0xe0 ./Drivers/STM32F4xx_HAL_Driver/Src/stm32f4xx_hal_dma.o
                0x08001272                HAL_DMA_Abort
 .text.HAL_DMA_Abort_IT
                0x08001352       0x44 ./Drivers/STM32F4xx_HAL_Driver/Src/stm32f4xx_hal_dma.o
                0x08001352                HAL_DMA_Abort_IT
 *fill*         0x08001396        0x2 
 .text.HAL_GPIO_Init
                0x08001398      0x308 ./Drivers/STM32F4xx_HAL_Driver/Src/stm32f4xx_hal_gpio.o
                0x08001398                HAL_GPIO_Init
 .text.HAL_RCC_OscConfig
                0x080016a0      0x4f0 ./Drivers/STM32F4xx_HAL_Driver/Src/stm32f4xx_hal_rcc.o
                0x080016a0                HAL_RCC_OscConfig
 .text.HAL_RCC_ClockConfig
                0x08001b90      0x1cc ./Drivers/STM32F4xx_HAL_Driver/Src/stm32f4xx_hal_rcc.o
                0x08001b90                HAL_RCC_ClockConfig
 .text.HAL_RCC_GetSysClockFreq
                0x08001d5c      0x20c ./Drivers/STM32F4xx_HAL_Driver/Src/stm32f4xx_hal_rcc.o
                0x08001d5c                HAL_RCC_GetSysClockFreq
 .text.HAL_RCC_GetHCLKFreq
                0x08001f68       0x18 ./Drivers/STM32F4xx_HAL_Driver/Src/stm32f4xx_hal_rcc.o
                0x08001f68                HAL_RCC_GetHCLKFreq
 .text.HAL_RCC_GetPCLK1Freq
                0x08001f80       0x28 ./Drivers/STM32F4xx_HAL_Driver/Src/stm32f4xx_hal_rcc.o
                0x08001f80                HAL_RCC_GetPCLK1Freq
 .text.HAL_RCC_GetPCLK2Freq
                0x08001fa8       0x28 ./Drivers/STM32F4xx_HAL_Driver/Src/stm32f4xx_hal_rcc.o
                0x08001fa8                HAL_RCC_GetPCLK2Freq
 .text.HAL_TIM_PWM_Init
                0x08001fd0       0x9e ./Drivers/STM32F4xx_HAL_Driver/Src/stm32f4xx_hal_tim.o
                0x08001fd0                HAL_TIM_PWM_Init
 *fill*         0x0800206e        0x2 
 .text.HAL_TIM_PWM_Start
                0x08002070      0x160 ./Drivers/STM32F4xx_HAL_Driver/Src/stm32f4xx_hal_tim.o
                0x08002070                HAL_TIM_PWM_Start
 .text.HAL_TIM_PWM_ConfigChannel
                0x080021d0      0x184 ./Drivers/STM32F4xx_HAL_Driver/Src/stm32f4xx_hal_tim.o
                0x080021d0                HAL_TIM_PWM_ConfigChannel
 .text.TIM_Base_SetConfig
                0x08002354      0x10c ./Drivers/STM32F4xx_HAL_Driver/Src/stm32f4xx_hal_tim.o
                0x08002354                TIM_Base_SetConfig
 .text.TIM_OC1_SetConfig
                0x08002460       0xcc ./Drivers/STM32F4xx_HAL_Driver/Src/stm32f4xx_hal_tim.o
 .text.TIM_OC2_SetConfig
                0x0800252c       0xd8 ./Drivers/STM32F4xx_HAL_Driver/Src/stm32f4xx_hal_tim.o
                0x0800252c                TIM_OC2_SetConfig
 .text.TIM_OC3_SetConfig
                0x08002604       0xd4 ./Drivers/STM32F4xx_HAL_Driver/Src/stm32f4xx_hal_tim.o
 .text.TIM_OC4_SetConfig
                0x080026d8       0xa0 ./Drivers/STM32F4xx_HAL_Driver/Src/stm32f4xx_hal_tim.o
 .text.TIM_CCxChannelCmd
                0x08002778       0x4a ./Drivers/STM32F4xx_HAL_Driver/Src/stm32f4xx_hal_tim.o
                0x08002778                TIM_CCxChannelCmd
 *fill*         0x080027c2        0x2 
 .text.HAL_TIMEx_MasterConfigSynchronization
                0x080027c4       0xdc ./Drivers/STM32F4xx_HAL_Driver/Src/stm32f4xx_hal_tim_ex.o
                0x080027c4                HAL_TIMEx_MasterConfigSynchronization
 .text.HAL_UART_Init
                0x080028a0       0xa0 ./Drivers/STM32F4xx_HAL_Driver/Src/stm32f4xx_hal_uart.o
                0x080028a0                HAL_UART_Init
 .text.HAL_UART_Transmit
                0x08002940      0x116 ./Drivers/STM32F4xx_HAL_Driver/Src/stm32f4xx_hal_uart.o
                0x08002940                HAL_UART_Transmit
 .text.HAL_UART_Receive_IT
                0x08002a56       0x4a ./Drivers/STM32F4xx_HAL_Driver/Src/stm32f4xx_hal_uart.o
                0x08002a56                HAL_UART_Receive_IT
 .text.HAL_UART_IRQHandler
                0x08002aa0      0x554 ./Drivers/STM32F4xx_HAL_Driver/Src/stm32f4xx_hal_uart.o
                0x08002aa0                HAL_UART_IRQHandler
 .text.HAL_UART_TxCpltCallback
                0x08002ff4       0x14 ./Drivers/STM32F4xx_HAL_Driver/Src/stm32f4xx_hal_uart.o
                0x08002ff4                HAL_UART_TxCpltCallback
 .text.HAL_UART_ErrorCallback
                0x08003008       0x14 ./Drivers/STM32F4xx_HAL_Driver/Src/stm32f4xx_hal_uart.o
                0x08003008                HAL_UART_ErrorCallback
 .text.HAL_UARTEx_RxEventCallback
                0x0800301c       0x18 ./Drivers/STM32F4xx_HAL_Driver/Src/stm32f4xx_hal_uart.o
                0x0800301c                HAL_UARTEx_RxEventCallback
 .text.UART_WaitOnFlagUntilTimeout
                0x08003034       0xb2 ./Drivers/STM32F4xx_HAL_Driver/Src/stm32f4xx_hal_uart.o
 .text.UART_Start_Receive_IT
                0x080030e6       0x74 ./Drivers/STM32F4xx_HAL_Driver/Src/stm32f4xx_hal_uart.o
                0x080030e6                UART_Start_Receive_IT
 .text.UART_EndRxTransfer
                0x0800315a       0xc6 ./Drivers/STM32F4xx_HAL_Driver/Src/stm32f4xx_hal_uart.o
 .text.UART_DMAAbortOnError
                0x08003220       0x22 ./Drivers/STM32F4xx_HAL_Driver/Src/stm32f4xx_hal_uart.o
 .text.UART_Transmit_IT
                0x08003242       0xa0 ./Drivers/STM32F4xx_HAL_Driver/Src/stm32f4xx_hal_uart.o
 .text.UART_EndTransmit_IT
                0x080032e2       0x30 ./Drivers/STM32F4xx_HAL_Driver/Src/stm32f4xx_hal_uart.o
 .text.UART_Receive_IT
                0x08003312      0x17c ./Drivers/STM32F4xx_HAL_Driver/Src/stm32f4xx_hal_uart.o
 *fill*         0x0800348e        0x2 
 .text.UART_SetConfig
                0x08003490      0x4e8 ./Drivers/STM32F4xx_HAL_Driver/Src/stm32f4xx_hal_uart.o
 .text.memset   0x08003978       0x10 C:/ST/STM32CubeIDE_1.18.1/STM32CubeIDE/plugins/com.st.stm32cube.ide.mcu.externaltools.gnu-tools-for-stm32.13.3.rel1.win32_1.0.0.202411081344/tools/bin/../lib/gcc/arm-none-eabi/13.3.1/../../../../arm-none-eabi/lib/thumb/v7e-m+fp/hard\libc_nano.a(libc_a-memset.o)
                0x08003978                memset
 .text.__libc_init_array
                0x08003988       0x48 C:/ST/STM32CubeIDE_1.18.1/STM32CubeIDE/plugins/com.st.stm32cube.ide.mcu.externaltools.gnu-tools-for-stm32.13.3.rel1.win32_1.0.0.202411081344/tools/bin/../lib/gcc/arm-none-eabi/13.3.1/../../../../arm-none-eabi/lib/thumb/v7e-m+fp/hard\libc_nano.a(libc_a-init.o)
                0x08003988                __libc_init_array
 *(.glue_7)
 .glue_7        0x080039d0        0x0 linker stubs
 *(.glue_7t)
 .glue_7t       0x080039d0        0x0 linker stubs
 *(.eh_frame)
 .eh_frame      0x080039d0        0x0 C:/ST/STM32CubeIDE_1.18.1/STM32CubeIDE/plugins/com.st.stm32cube.ide.mcu.externaltools.gnu-tools-for-stm32.13.3.rel1.win32_1.0.0.202411081344/tools/bin/../lib/gcc/arm-none-eabi/13.3.1/thumb/v7e-m+fp/hard/crtbegin.o
 *(.init)
 .init          0x080039d0        0x4 C:/ST/STM32CubeIDE_1.18.1/STM32CubeIDE/plugins/com.st.stm32cube.ide.mcu.externaltools.gnu-tools-for-stm32.13.3.rel1.win32_1.0.0.202411081344/tools/bin/../lib/gcc/arm-none-eabi/13.3.1/thumb/v7e-m+fp/hard/crti.o
                0x080039d0                _init
 .init          0x080039d4        0x8 C:/ST/STM32CubeIDE_1.18.1/STM32CubeIDE/plugins/com.st.stm32cube.ide.mcu.externaltools.gnu-tools-for-stm32.13.3.rel1.win32_1.0.0.202411081344/tools/bin/../lib/gcc/arm-none-eabi/13.3.1/thumb/v7e-m+fp/hard/crtn.o
 *(.fini)
 .fini          0x080039dc        0x4 C:/ST/STM32CubeIDE_1.18.1/STM32CubeIDE/plugins/com.st.stm32cube.ide.mcu.externaltools.gnu-tools-for-stm32.13.3.rel1.win32_1.0.0.202411081344/tools/bin/../lib/gcc/arm-none-eabi/13.3.1/thumb/v7e-m+fp/hard/crti.o
                0x080039dc                _fini
 .fini          0x080039e0        0x8 C:/ST/STM32CubeIDE_1.18.1/STM32CubeIDE/plugins/com.st.stm32cube.ide.mcu.externaltools.gnu-tools-for-stm32.13.3.rel1.win32_1.0.0.202411081344/tools/bin/../lib/gcc/arm-none-eabi/13.3.1/thumb/v7e-m+fp/hard/crtn.o
                0x080039e8                        . = ALIGN (0x4)
                0x080039e8                        _etext = .

.vfp11_veneer   0x080039e8        0x0
 .vfp11_veneer  0x080039e8        0x0 linker stubs

.v4_bx          0x080039e8        0x0
 .v4_bx         0x080039e8        0x0 linker stubs

.iplt           0x080039e8        0x0
 .iplt          0x080039e8        0x0 C:/ST/STM32CubeIDE_1.18.1/STM32CubeIDE/plugins/com.st.stm32cube.ide.mcu.externaltools.gnu-tools-for-stm32.13.3.rel1.win32_1.0.0.202411081344/tools/bin/../lib/gcc/arm-none-eabi/13.3.1/thumb/v7e-m+fp/hard/crtbegin.o

.rodata         0x080039e8       0x18
                0x080039e8                        . = ALIGN (0x4)
 *(.rodata)
 *(.rodata*)
 .rodata.AHBPrescTable
                0x080039e8       0x10 ./Core/Src/system_stm32f4xx.o
                0x080039e8                AHBPrescTable
 .rodata.APBPrescTable
                0x080039f8        0x8 ./Core/Src/system_stm32f4xx.o
                0x080039f8                APBPrescTable
                0x08003a00                        . = ALIGN (0x4)

.ARM.extab      0x08003a00        0x0
                0x08003a00                        . = ALIGN (0x4)
 *(.ARM.extab* .gnu.linkonce.armextab.*)
                0x08003a00                        . = ALIGN (0x4)

.ARM            0x08003a00        0x8
                0x08003a00                        . = ALIGN (0x4)
                0x08003a00                        __exidx_start = .
 *(.ARM.exidx*)
 .ARM.exidx     0x08003a00        0x8 C:/ST/STM32CubeIDE_1.18.1/STM32CubeIDE/plugins/com.st.stm32cube.ide.mcu.externaltools.gnu-tools-for-stm32.13.3.rel1.win32_1.0.0.202411081344/tools/bin/../lib/gcc/arm-none-eabi/13.3.1/thumb/v7e-m+fp/hard\libgcc.a(_udivmoddi4.o)
                0x08003a08                        __exidx_end = .
                0x08003a08                        . = ALIGN (0x4)

.preinit_array  0x08003a08        0x0
                0x08003a08                        . = ALIGN (0x4)
                0x08003a08                        PROVIDE (__preinit_array_start = .)
 *(.preinit_array*)
                0x08003a08                        PROVIDE (__preinit_array_end = .)
                0x08003a08                        . = ALIGN (0x4)

.init_array     0x08003a08        0x4
                0x08003a08                        . = ALIGN (0x4)
                0x08003a08                        PROVIDE (__init_array_start = .)
 *(SORT_BY_NAME(.init_array.*))
 *(.init_array*)
 .init_array    0x08003a08        0x4 C:/ST/STM32CubeIDE_1.18.1/STM32CubeIDE/plugins/com.st.stm32cube.ide.mcu.externaltools.gnu-tools-for-stm32.13.3.rel1.win32_1.0.0.202411081344/tools/bin/../lib/gcc/arm-none-eabi/13.3.1/thumb/v7e-m+fp/hard/crtbegin.o
                0x08003a0c                        PROVIDE (__init_array_end = .)
                0x08003a0c                        . = ALIGN (0x4)

.fini_array     0x08003a0c        0x4
                0x08003a0c                        . = ALIGN (0x4)
                [!provide]                        PROVIDE (__fini_array_start = .)
 *(SORT_BY_NAME(.fini_array.*))
 *(.fini_array*)
 .fini_array    0x08003a0c        0x4 C:/ST/STM32CubeIDE_1.18.1/STM32CubeIDE/plugins/com.st.stm32cube.ide.mcu.externaltools.gnu-tools-for-stm32.13.3.rel1.win32_1.0.0.202411081344/tools/bin/../lib/gcc/arm-none-eabi/13.3.1/thumb/v7e-m+fp/hard/crtbegin.o
                [!provide]                        PROVIDE (__fini_array_end = .)
                0x08003a10                        . = ALIGN (0x4)
                0x08003a10                        _sidata = LOADADDR (.data)

.rel.dyn        0x08003a10        0x0
 .rel.iplt      0x08003a10        0x0 C:/ST/STM32CubeIDE_1.18.1/STM32CubeIDE/plugins/com.st.stm32cube.ide.mcu.externaltools.gnu-tools-for-stm32.13.3.rel1.win32_1.0.0.202411081344/tools/bin/../lib/gcc/arm-none-eabi/13.3.1/thumb/v7e-m+fp/hard/crtbegin.o

.data           0x20000000        0xc load address 0x08003a10
                0x20000000                        . = ALIGN (0x4)
                0x20000000                        _sdata = .
 *(.data)
 *(.data*)
 .data.SystemCoreClock
                0x20000000        0x4 ./Core/Src/system_stm32f4xx.o
                0x20000000                SystemCoreClock
 .data.uwTickPrio
                0x20000004        0x4 ./Drivers/STM32F4xx_HAL_Driver/Src/stm32f4xx_hal.o
                0x20000004                uwTickPrio
 .data.uwTickFreq
                0x20000008        0x1 ./Drivers/STM32F4xx_HAL_Driver/Src/stm32f4xx_hal.o
                0x20000008                uwTickFreq
 *(.RamFunc)
 *(.RamFunc*)
                0x2000000c                        . = ALIGN (0x4)
 *fill*         0x20000009        0x3 
                0x2000000c                        _edata = .

.igot.plt       0x2000000c        0x0 load address 0x08003a1c
 .igot.plt      0x2000000c        0x0 C:/ST/STM32CubeIDE_1.18.1/STM32CubeIDE/plugins/com.st.stm32cube.ide.mcu.externaltools.gnu-tools-for-stm32.13.3.rel1.win32_1.0.0.202411081344/tools/bin/../lib/gcc/arm-none-eabi/13.3.1/thumb/v7e-m+fp/hard/crtbegin.o
                0x2000000c                        . = ALIGN (0x4)

.bss            0x2000000c       0xfc load address 0x08003a1c
                0x2000000c                        _sbss = .
                0x2000000c                        __bss_start__ = _sbss
 *(.bss)
 .bss           0x2000000c       0x1c C:/ST/STM32CubeIDE_1.18.1/STM32CubeIDE/plugins/com.st.stm32cube.ide.mcu.externaltools.gnu-tools-for-stm32.13.3.rel1.win32_1.0.0.202411081344/tools/bin/../lib/gcc/arm-none-eabi/13.3.1/thumb/v7e-m+fp/hard/crtbegin.o
 *(.bss*)
 .bss.htim2     0x20000028       0x48 ./Core/Src/main.o
                0x20000028                htim2
 .bss.htim3     0x20000070       0x48 ./Core/Src/main.o
                0x20000070                htim3
 .bss.huart1    0x200000b8       0x48 ./Core/Src/main.o
                0x200000b8                huart1
 .bss.rx_byte   0x20000100        0x1 ./Core/Src/main.o
                0x20000100                rx_byte
 .bss.command_flag
                0x20000101        0x1 ./Core/Src/uart_handler.o
                0x20000101                command_flag
 .bss.command_param
                0x20000102        0x1 ./Core/Src/uart_handler.o
                0x20000102                command_param
 *fill*         0x20000103        0x1 
 .bss.uwTick    0x20000104        0x4 ./Drivers/STM32F4xx_HAL_Driver/Src/stm32f4xx_hal.o
                0x20000104                uwTick
 *(COMMON)
                0x20000108                        . = ALIGN (0x4)
                0x20000108                        _ebss = .
                0x20000108                        __bss_end__ = _ebss

._user_heap_stack
                0x20000108      0x600 load address 0x08003a1c
                0x20000108                        . = ALIGN (0x8)
                [!provide]                        PROVIDE (end = .)
                0x20000108                        PROVIDE (_end = .)
                0x20000308                        . = (. + _Min_Heap_Size)
 *fill*         0x20000108      0x200 
                0x20000708                        . = (. + _Min_Stack_Size)
 *fill*         0x20000308      0x400 
                0x20000708                        . = ALIGN (0x8)

/DISCARD/
 libc.a(*)
 libm.a(*)
 libgcc.a(*)

.ARM.attributes
                0x00000000       0x30
 *(.ARM.attributes)
 .ARM.attributes
                0x00000000       0x22 C:/ST/STM32CubeIDE_1.18.1/STM32CubeIDE/plugins/com.st.stm32cube.ide.mcu.externaltools.gnu-tools-for-stm32.13.3.rel1.win32_1.0.0.202411081344/tools/bin/../lib/gcc/arm-none-eabi/13.3.1/thumb/v7e-m+fp/hard/crti.o
 .ARM.attributes
                0x00000022       0x34 C:/ST/STM32CubeIDE_1.18.1/STM32CubeIDE/plugins/com.st.stm32cube.ide.mcu.externaltools.gnu-tools-for-stm32.13.3.rel1.win32_1.0.0.202411081344/tools/bin/../lib/gcc/arm-none-eabi/13.3.1/thumb/v7e-m+fp/hard/crtbegin.o
 .ARM.attributes
                0x00000056       0x34 ./Core/Src/main.o
 .ARM.attributes
                0x0000008a       0x34 ./Core/Src/motor_control.o
 .ARM.attributes
                0x000000be       0x34 ./Core/Src/stm32f4xx_hal_msp.o
 .ARM.attributes
                0x000000f2       0x34 ./Core/Src/stm32f4xx_it.o
 .ARM.attributes
                0x00000126       0x34 ./Core/Src/system_stm32f4xx.o
 .ARM.attributes
                0x0000015a       0x34 ./Core/Src/uart_handler.o
 .ARM.attributes
                0x0000018e       0x21 ./Core/Startup/startup_stm32f401retx.o
 .ARM.attributes
                0x000001af       0x34 ./Drivers/STM32F4xx_HAL_Driver/Src/stm32f4xx_hal.o
 .ARM.attributes
                0x000001e3       0x34 ./Drivers/STM32F4xx_HAL_Driver/Src/stm32f4xx_hal_cortex.o
 .ARM.attributes
                0x00000217       0x34 ./Drivers/STM32F4xx_HAL_Driver/Src/stm32f4xx_hal_dma.o
 .ARM.attributes
                0x0000024b       0x34 ./Drivers/STM32F4xx_HAL_Driver/Src/stm32f4xx_hal_gpio.o
 .ARM.attributes
                0x0000027f       0x34 ./Drivers/STM32F4xx_HAL_Driver/Src/stm32f4xx_hal_rcc.o
 .ARM.attributes
                0x000002b3       0x34 ./Drivers/STM32F4xx_HAL_Driver/Src/stm32f4xx_hal_tim.o
 .ARM.attributes
                0x000002e7       0x34 ./Drivers/STM32F4xx_HAL_Driver/Src/stm32f4xx_hal_tim_ex.o
 .ARM.attributes
                0x0000031b       0x34 ./Drivers/STM32F4xx_HAL_Driver/Src/stm32f4xx_hal_uart.o
 .ARM.attributes
                0x0000034f       0x34 C:/ST/STM32CubeIDE_1.18.1/STM32CubeIDE/plugins/com.st.stm32cube.ide.mcu.externaltools.gnu-tools-for-stm32.13.3.rel1.win32_1.0.0.202411081344/tools/bin/../lib/gcc/arm-none-eabi/13.3.1/../../../../arm-none-eabi/lib/thumb/v7e-m+fp/hard\libc_nano.a(libc_a-memset.o)
 .ARM.attributes
                0x00000383       0x34 C:/ST/STM32CubeIDE_1.18.1/STM32CubeIDE/plugins/com.st.stm32cube.ide.mcu.externaltools.gnu-tools-for-stm32.13.3.rel1.win32_1.0.0.202411081344/tools/bin/../lib/gcc/arm-none-eabi/13.3.1/../../../../arm-none-eabi/lib/thumb/v7e-m+fp/hard\libc_nano.a(libc_a-init.o)
 .ARM.attributes
                0x000003b7       0x22 C:/ST/STM32CubeIDE_1.18.1/STM32CubeIDE/plugins/com.st.stm32cube.ide.mcu.externaltools.gnu-tools-for-stm32.13.3.rel1.win32_1.0.0.202411081344/tools/bin/../lib/gcc/arm-none-eabi/13.3.1/thumb/v7e-m+fp/hard\libgcc.a(_aeabi_uldivmod.o)
 .ARM.attributes
                0x000003d9       0x34 C:/ST/STM32CubeIDE_1.18.1/STM32CubeIDE/plugins/com.st.stm32cube.ide.mcu.externaltools.gnu-tools-for-stm32.13.3.rel1.win32_1.0.0.202411081344/tools/bin/../lib/gcc/arm-none-eabi/13.3.1/thumb/v7e-m+fp/hard\libgcc.a(_udivmoddi4.o)
 .ARM.attributes
                0x0000040d       0x22 C:/ST/STM32CubeIDE_1.18.1/STM32CubeIDE/plugins/com.st.stm32cube.ide.mcu.externaltools.gnu-tools-for-stm32.13.3.rel1.win32_1.0.0.202411081344/tools/bin/../lib/gcc/arm-none-eabi/13.3.1/thumb/v7e-m+fp/hard\libgcc.a(_dvmd_tls.o)
 .ARM.attributes
                0x0000042f       0x22 C:/ST/STM32CubeIDE_1.18.1/STM32CubeIDE/plugins/com.st.stm32cube.ide.mcu.externaltools.gnu-tools-for-stm32.13.3.rel1.win32_1.0.0.202411081344/tools/bin/../lib/gcc/arm-none-eabi/13.3.1/thumb/v7e-m+fp/hard/crtn.o
OUTPUT(irq.elf elf32-littlearm)
LOAD linker stubs
LOAD C:/ST/STM32CubeIDE_1.18.1/STM32CubeIDE/plugins/com.st.stm32cube.ide.mcu.externaltools.gnu-tools-for-stm32.13.3.rel1.win32_1.0.0.202411081344/tools/bin/../lib/gcc/arm-none-eabi/13.3.1/../../../../arm-none-eabi/lib/thumb/v7e-m+fp/hard\libc.a
LOAD C:/ST/STM32CubeIDE_1.18.1/STM32CubeIDE/plugins/com.st.stm32cube.ide.mcu.externaltools.gnu-tools-for-stm32.13.3.rel1.win32_1.0.0.202411081344/tools/bin/../lib/gcc/arm-none-eabi/13.3.1/../../../../arm-none-eabi/lib/thumb/v7e-m+fp/hard\libm.a
LOAD C:/ST/STM32CubeIDE_1.18.1/STM32CubeIDE/plugins/com.st.stm32cube.ide.mcu.externaltools.gnu-tools-for-stm32.13.3.rel1.win32_1.0.0.202411081344/tools/bin/../lib/gcc/arm-none-eabi/13.3.1/thumb/v7e-m+fp/hard\libgcc.a

.debug_info     0x00000000     0xd7c6
 .debug_info    0x00000000     0x115a ./Core/Src/main.o
 .debug_info    0x0000115a      0x81d ./Core/Src/motor_control.o
 .debug_info    0x00001977      0xf57 ./Core/Src/stm32f4xx_hal_msp.o
 .debug_info    0x000028ce      0x640 ./Core/Src/stm32f4xx_it.o
 .debug_info    0x00002f0e      0x53e ./Core/Src/system_stm32f4xx.o
 .debug_info    0x0000344c      0x6f5 ./Core/Src/uart_handler.o
 .debug_info    0x00003b41       0x30 ./Core/Startup/startup_stm32f401retx.o
 .debug_info    0x00003b71      0x8bb ./Drivers/STM32F4xx_HAL_Driver/Src/stm32f4xx_hal.o
 .debug_info    0x0000442c      0xcf6 ./Drivers/STM32F4xx_HAL_Driver/Src/stm32f4xx_hal_cortex.o
 .debug_info    0x00005122      0x8e6 ./Drivers/STM32F4xx_HAL_Driver/Src/stm32f4xx_hal_dma.o
 .debug_info    0x00005a08      0x6f9 ./Drivers/STM32F4xx_HAL_Driver/Src/stm32f4xx_hal_gpio.o
 .debug_info    0x00006101      0x905 ./Drivers/STM32F4xx_HAL_Driver/Src/stm32f4xx_hal_rcc.o
 .debug_info    0x00006a06     0x2996 ./Drivers/STM32F4xx_HAL_Driver/Src/stm32f4xx_hal_tim.o
 .debug_info    0x0000939c     0x14d4 ./Drivers/STM32F4xx_HAL_Driver/Src/stm32f4xx_hal_tim_ex.o
 .debug_info    0x0000a870     0x2f56 ./Drivers/STM32F4xx_HAL_Driver/Src/stm32f4xx_hal_uart.o

.debug_abbrev   0x00000000     0x1f8a
 .debug_abbrev  0x00000000      0x2e9 ./Core/Src/main.o
 .debug_abbrev  0x000002e9      0x1c4 ./Core/Src/motor_control.o
 .debug_abbrev  0x000004ad      0x1fb ./Core/Src/stm32f4xx_hal_msp.o
 .debug_abbrev  0x000006a8      0x182 ./Core/Src/stm32f4xx_it.o
 .debug_abbrev  0x0000082a      0x11a ./Core/Src/system_stm32f4xx.o
 .debug_abbrev  0x00000944      0x1d4 ./Core/Src/uart_handler.o
 .debug_abbrev  0x00000b18       0x24 ./Core/Startup/startup_stm32f401retx.o
 .debug_abbrev  0x00000b3c      0x24b ./Drivers/STM32F4xx_HAL_Driver/Src/stm32f4xx_hal.o
 .debug_abbrev  0x00000d87      0x31d ./Drivers/STM32F4xx_HAL_Driver/Src/stm32f4xx_hal_cortex.o
 .debug_abbrev  0x000010a4      0x221 ./Drivers/STM32F4xx_HAL_Driver/Src/stm32f4xx_hal_dma.o
 .debug_abbrev  0x000012c5      0x1d3 ./Drivers/STM32F4xx_HAL_Driver/Src/stm32f4xx_hal_gpio.o
 .debug_abbrev  0x00001498      0x2b6 ./Drivers/STM32F4xx_HAL_Driver/Src/stm32f4xx_hal_rcc.o
 .debug_abbrev  0x0000174e      0x28b ./Drivers/STM32F4xx_HAL_Driver/Src/stm32f4xx_hal_tim.o
 .debug_abbrev  0x000019d9      0x296 ./Drivers/STM32F4xx_HAL_Driver/Src/stm32f4xx_hal_tim_ex.o
 .debug_abbrev  0x00001c6f      0x31b ./Drivers/STM32F4xx_HAL_Driver/Src/stm32f4xx_hal_uart.o

.debug_aranges  0x00000000      0xcb0
 .debug_aranges
                0x00000000       0x58 ./Core/Src/main.o
 .debug_aranges
                0x00000058       0x58 ./Core/Src/motor_control.o
 .debug_aranges
                0x000000b0       0x48 ./Core/Src/stm32f4xx_hal_msp.o
 .debug_aranges
                0x000000f8       0x68 ./Core/Src/stm32f4xx_it.o
 .debug_aranges
                0x00000160       0x28 ./Core/Src/system_stm32f4xx.o
 .debug_aranges
                0x00000188       0x30 ./Core/Src/uart_handler.o
 .debug_aranges
                0x000001b8       0x28 ./Core/Startup/startup_stm32f401retx.o
 .debug_aranges
                0x000001e0       0xf0 ./Drivers/STM32F4xx_HAL_Driver/Src/stm32f4xx_hal.o
 .debug_aranges
                0x000002d0      0x130 ./Drivers/STM32F4xx_HAL_Driver/Src/stm32f4xx_hal_cortex.o
 .debug_aranges
                0x00000400       0x90 ./Drivers/STM32F4xx_HAL_Driver/Src/stm32f4xx_hal_dma.o
 .debug_aranges
                0x00000490       0x58 ./Drivers/STM32F4xx_HAL_Driver/Src/stm32f4xx_hal_gpio.o
 .debug_aranges
                0x000004e8       0x88 ./Drivers/STM32F4xx_HAL_Driver/Src/stm32f4xx_hal_rcc.o
 .debug_aranges
                0x00000570      0x3d0 ./Drivers/STM32F4xx_HAL_Driver/Src/stm32f4xx_hal_tim.o
 .debug_aranges
                0x00000940      0x168 ./Drivers/STM32F4xx_HAL_Driver/Src/stm32f4xx_hal_tim_ex.o
 .debug_aranges
                0x00000aa8      0x208 ./Drivers/STM32F4xx_HAL_Driver/Src/stm32f4xx_hal_uart.o

.debug_rnglists
                0x00000000      0x9ed
 .debug_rnglists
                0x00000000       0x41 ./Core/Src/main.o
 .debug_rnglists
                0x00000041       0x3e ./Core/Src/motor_control.o
 .debug_rnglists
                0x0000007f       0x33 ./Core/Src/stm32f4xx_hal_msp.o
 .debug_rnglists
                0x000000b2       0x49 ./Core/Src/stm32f4xx_it.o
 .debug_rnglists
                0x000000fb       0x1a ./Core/Src/system_stm32f4xx.o
 .debug_rnglists
                0x00000115       0x20 ./Core/Src/uart_handler.o
 .debug_rnglists
                0x00000135       0x19 ./Core/Startup/startup_stm32f401retx.o
 .debug_rnglists
                0x0000014e       0xaf ./Drivers/STM32F4xx_HAL_Driver/Src/stm32f4xx_hal.o
 .debug_rnglists
                0x000001fd       0xe0 ./Drivers/STM32F4xx_HAL_Driver/Src/stm32f4xx_hal_cortex.o
 .debug_rnglists
                0x000002dd       0x70 ./Drivers/STM32F4xx_HAL_Driver/Src/stm32f4xx_hal_dma.o
 .debug_rnglists
                0x0000034d       0x3f ./Drivers/STM32F4xx_HAL_Driver/Src/stm32f4xx_hal_gpio.o
 .debug_rnglists
                0x0000038c       0x66 ./Drivers/STM32F4xx_HAL_Driver/Src/stm32f4xx_hal_rcc.o
 .debug_rnglists
                0x000003f2      0x31a ./Drivers/STM32F4xx_HAL_Driver/Src/stm32f4xx_hal_tim.o
 .debug_rnglists
                0x0000070c      0x125 ./Drivers/STM32F4xx_HAL_Driver/Src/stm32f4xx_hal_tim_ex.o
 .debug_rnglists
                0x00000831      0x1bc ./Drivers/STM32F4xx_HAL_Driver/Src/stm32f4xx_hal_uart.o

.debug_macro    0x00000000    0x165f7
 .debug_macro   0x00000000      0x1f4 ./Core/Src/main.o
 .debug_macro   0x000001f4      0xad8 ./Core/Src/main.o
 .debug_macro   0x00000ccc      0x29b ./Core/Src/main.o
 .debug_macro   0x00000f67       0x2e ./Core/Src/main.o
 .debug_macro   0x00000f95       0x28 ./Core/Src/main.o
 .debug_macro   0x00000fbd       0x22 ./Core/Src/main.o
 .debug_macro   0x00000fdf       0x8e ./Core/Src/main.o
 .debug_macro   0x0000106d       0x51 ./Core/Src/main.o
 .debug_macro   0x000010be      0x103 ./Core/Src/main.o
 .debug_macro   0x000011c1       0x6a ./Core/Src/main.o
 .debug_macro   0x0000122b      0x1df ./Core/Src/main.o
 .debug_macro   0x0000140a       0x1c ./Core/Src/main.o
 .debug_macro   0x00001426       0x22 ./Core/Src/main.o
 .debug_macro   0x00001448       0xfb ./Core/Src/main.o
 .debug_macro   0x00001543     0x1011 ./Core/Src/main.o
 .debug_macro   0x00002554      0x11f ./Core/Src/main.o
 .debug_macro   0x00002673     0xb881 ./Core/Src/main.o
 .debug_macro   0x0000def4       0x6d ./Core/Src/main.o
 .debug_macro   0x0000df61     0x3693 ./Core/Src/main.o
 .debug_macro   0x000115f4      0x190 ./Core/Src/main.o
 .debug_macro   0x00011784       0x5c ./Core/Src/main.o
 .debug_macro   0x000117e0      0x416 ./Core/Src/main.o
 .debug_macro   0x00011bf6      0x9e9 ./Core/Src/main.o
 .debug_macro   0x000125df      0x115 ./Core/Src/main.o
 .debug_macro   0x000126f4       0xf8 ./Core/Src/main.o
 .debug_macro   0x000127ec       0xa5 ./Core/Src/main.o
 .debug_macro   0x00012891      0x15f ./Core/Src/main.o
 .debug_macro   0x000129f0      0x287 ./Core/Src/main.o
 .debug_macro   0x00012c77       0x5f ./Core/Src/main.o
 .debug_macro   0x00012cd6      0x236 ./Core/Src/main.o
 .debug_macro   0x00012f0c      0x132 ./Core/Src/main.o
 .debug_macro   0x0001303e      0x264 ./Core/Src/main.o
 .debug_macro   0x000132a2       0x2e ./Core/Src/main.o
 .debug_macro   0x000132d0      0x127 ./Core/Src/main.o
 .debug_macro   0x000133f7       0x85 ./Core/Src/main.o
 .debug_macro   0x0001347c       0x89 ./Core/Src/main.o
 .debug_macro   0x00013505      0x8ed ./Core/Src/main.o
 .debug_macro   0x00013df2       0x47 ./Core/Src/main.o
 .debug_macro   0x00013e39      0x2aa ./Core/Src/main.o
 .debug_macro   0x000140e3      0x126 ./Core/Src/main.o
 .debug_macro   0x00014209       0x2e ./Core/Src/main.o
 .debug_macro   0x00014237       0x22 ./Core/Src/main.o
 .debug_macro   0x00014259      0x2bf ./Core/Src/motor_control.o
 .debug_macro   0x00014518       0x1c ./Core/Src/motor_control.o
 .debug_macro   0x00014534       0x61 ./Core/Src/motor_control.o
 .debug_macro   0x00014595       0x2a ./Core/Src/motor_control.o
 .debug_macro   0x000145bf       0x43 ./Core/Src/motor_control.o
 .debug_macro   0x00014602       0x34 ./Core/Src/motor_control.o
 .debug_macro   0x00014636       0x16 ./Core/Src/motor_control.o
 .debug_macro   0x0001464c       0x3c ./Core/Src/motor_control.o
 .debug_macro   0x00014688      0x370 ./Core/Src/motor_control.o
 .debug_macro   0x000149f8       0x10 ./Core/Src/motor_control.o
 .debug_macro   0x00014a08       0x16 ./Core/Src/motor_control.o
 .debug_macro   0x00014a1e       0x4a ./Core/Src/motor_control.o
 .debug_macro   0x00014a68       0x34 ./Core/Src/motor_control.o
 .debug_macro   0x00014a9c       0x10 ./Core/Src/motor_control.o
 .debug_macro   0x00014aac       0x58 ./Core/Src/motor_control.o
 .debug_macro   0x00014b04       0x8e ./Core/Src/motor_control.o
 .debug_macro   0x00014b92       0x1c ./Core/Src/motor_control.o
 .debug_macro   0x00014bae      0x185 ./Core/Src/motor_control.o
 .debug_macro   0x00014d33       0x16 ./Core/Src/motor_control.o
 .debug_macro   0x00014d49       0x16 ./Core/Src/motor_control.o
 .debug_macro   0x00014d5f      0x146 ./Core/Src/motor_control.o
 .debug_macro   0x00014ea5      0x1d8 ./Core/Src/stm32f4xx_hal_msp.o
 .debug_macro   0x0001507d      0x1e2 ./Core/Src/stm32f4xx_it.o
 .debug_macro   0x0001525f      0x1ce ./Core/Src/system_stm32f4xx.o
 .debug_macro   0x0001542d      0x2c8 ./Core/Src/uart_handler.o
 .debug_macro   0x000156f5      0x22e ./Drivers/STM32F4xx_HAL_Driver/Src/stm32f4xx_hal.o
 .debug_macro   0x00015923      0x1ce ./Drivers/STM32F4xx_HAL_Driver/Src/stm32f4xx_hal_cortex.o
 .debug_macro   0x00015af1      0x1d4 ./Drivers/STM32F4xx_HAL_Driver/Src/stm32f4xx_hal_dma.o
 .debug_macro   0x00015cc5      0x1d4 ./Drivers/STM32F4xx_HAL_Driver/Src/stm32f4xx_hal_gpio.o
 .debug_macro   0x00015e99      0x1f2 ./Drivers/STM32F4xx_HAL_Driver/Src/stm32f4xx_hal_rcc.o
 .debug_macro   0x0001608b      0x1cf ./Drivers/STM32F4xx_HAL_Driver/Src/stm32f4xx_hal_tim.o
 .debug_macro   0x0001625a      0x1ce ./Drivers/STM32F4xx_HAL_Driver/Src/stm32f4xx_hal_tim_ex.o
 .debug_macro   0x00016428      0x1cf ./Drivers/STM32F4xx_HAL_Driver/Src/stm32f4xx_hal_uart.o

.debug_line     0x00000000     0xe925
 .debug_line    0x00000000      0x95a ./Core/Src/main.o
 .debug_line    0x0000095a      0x983 ./Core/Src/motor_control.o
 .debug_line    0x000012dd      0x84f ./Core/Src/stm32f4xx_hal_msp.o
 .debug_line    0x00001b2c      0x80d ./Core/Src/stm32f4xx_it.o
 .debug_line    0x00002339      0x7bc ./Core/Src/system_stm32f4xx.o
 .debug_line    0x00002af5      0x90d ./Core/Src/uart_handler.o
 .debug_line    0x00003402       0x7a ./Core/Startup/startup_stm32f401retx.o
 .debug_line    0x0000347c      0xa38 ./Drivers/STM32F4xx_HAL_Driver/Src/stm32f4xx_hal.o
 .debug_line    0x00003eb4      0xd08 ./Drivers/STM32F4xx_HAL_Driver/Src/stm32f4xx_hal_cortex.o
 .debug_line    0x00004bbc      0xfa4 ./Drivers/STM32F4xx_HAL_Driver/Src/stm32f4xx_hal_dma.o
 .debug_line    0x00005b60      0xb54 ./Drivers/STM32F4xx_HAL_Driver/Src/stm32f4xx_hal_gpio.o
 .debug_line    0x000066b4      0xe47 ./Drivers/STM32F4xx_HAL_Driver/Src/stm32f4xx_hal_rcc.o
 .debug_line    0x000074fb     0x3577 ./Drivers/STM32F4xx_HAL_Driver/Src/stm32f4xx_hal_tim.o
 .debug_line    0x0000aa72     0x1933 ./Drivers/STM32F4xx_HAL_Driver/Src/stm32f4xx_hal_tim_ex.o
 .debug_line    0x0000c3a5     0x2580 ./Drivers/STM32F4xx_HAL_Driver/Src/stm32f4xx_hal_uart.o

.debug_str      0x00000000    0x8d6b3
 .debug_str     0x00000000    0x8d6b3 ./Core/Src/main.o
                              0x871f4 (size before relaxing)
 .debug_str     0x0008d6b3    0x8a359 ./Core/Src/motor_control.o
 .debug_str     0x0008d6b3    0x871c3 ./Core/Src/stm32f4xx_hal_msp.o
 .debug_str     0x0008d6b3    0x869d5 ./Core/Src/stm32f4xx_it.o
 .debug_str     0x0008d6b3    0x86661 ./Core/Src/system_stm32f4xx.o
 .debug_str     0x0008d6b3    0x8a2c9 ./Core/Src/uart_handler.o
 .debug_str     0x0008d6b3       0x7a ./Core/Startup/startup_stm32f401retx.o
 .debug_str     0x0008d6b3    0x87083 ./Drivers/STM32F4xx_HAL_Driver/Src/stm32f4xx_hal.o
 .debug_str     0x0008d6b3    0x86ded ./Drivers/STM32F4xx_HAL_Driver/Src/stm32f4xx_hal_cortex.o
 .debug_str     0x0008d6b3    0x86a69 ./Drivers/STM32F4xx_HAL_Driver/Src/stm32f4xx_hal_dma.o
 .debug_str     0x0008d6b3    0x867dc ./Drivers/STM32F4xx_HAL_Driver/Src/stm32f4xx_hal_gpio.o
 .debug_str     0x0008d6b3    0x86a95 ./Drivers/STM32F4xx_HAL_Driver/Src/stm32f4xx_hal_rcc.o
 .debug_str     0x0008d6b3    0x879d9 ./Drivers/STM32F4xx_HAL_Driver/Src/stm32f4xx_hal_tim.o
 .debug_str     0x0008d6b3    0x871e5 ./Drivers/STM32F4xx_HAL_Driver/Src/stm32f4xx_hal_tim_ex.o
 .debug_str     0x0008d6b3    0x87064 ./Drivers/STM32F4xx_HAL_Driver/Src/stm32f4xx_hal_uart.o

.comment        0x00000000       0x43
 .comment       0x00000000       0x43 ./Core/Src/main.o
                                 0x44 (size before relaxing)
 .comment       0x00000043       0x44 ./Core/Src/motor_control.o
 .comment       0x00000043       0x44 ./Core/Src/stm32f4xx_hal_msp.o
 .comment       0x00000043       0x44 ./Core/Src/stm32f4xx_it.o
 .comment       0x00000043       0x44 ./Core/Src/system_stm32f4xx.o
 .comment       0x00000043       0x44 ./Core/Src/uart_handler.o
 .comment       0x00000043       0x44 ./Drivers/STM32F4xx_HAL_Driver/Src/stm32f4xx_hal.o
 .comment       0x00000043       0x44 ./Drivers/STM32F4xx_HAL_Driver/Src/stm32f4xx_hal_cortex.o
 .comment       0x00000043       0x44 ./Drivers/STM32F4xx_HAL_Driver/Src/stm32f4xx_hal_dma.o
 .comment       0x00000043       0x44 ./Drivers/STM32F4xx_HAL_Driver/Src/stm32f4xx_hal_gpio.o
 .comment       0x00000043       0x44 ./Drivers/STM32F4xx_HAL_Driver/Src/stm32f4xx_hal_rcc.o
 .comment       0x00000043       0x44 ./Drivers/STM32F4xx_HAL_Driver/Src/stm32f4xx_hal_tim.o
 .comment       0x00000043       0x44 ./Drivers/STM32F4xx_HAL_Driver/Src/stm32f4xx_hal_tim_ex.o
 .comment       0x00000043       0x44 ./Drivers/STM32F4xx_HAL_Driver/Src/stm32f4xx_hal_uart.o

.debug_frame    0x00000000     0x3520
 .debug_frame   0x00000000      0x114 ./Core/Src/main.o
 .debug_frame   0x00000114      0x128 ./Core/Src/motor_control.o
 .debug_frame   0x0000023c       0xf4 ./Core/Src/stm32f4xx_hal_msp.o
 .debug_frame   0x00000330      0x120 ./Core/Src/stm32f4xx_it.o
 .debug_frame   0x00000450       0x58 ./Core/Src/system_stm32f4xx.o
 .debug_frame   0x000004a8       0x7c ./Core/Src/uart_handler.o
 .debug_frame   0x00000524      0x374 ./Drivers/STM32F4xx_HAL_Driver/Src/stm32f4xx_hal.o
 .debug_frame   0x00000898      0x508 ./Drivers/STM32F4xx_HAL_Driver/Src/stm32f4xx_hal_cortex.o
 .debug_frame   0x00000da0      0x250 ./Drivers/STM32F4xx_HAL_Driver/Src/stm32f4xx_hal_dma.o
 .debug_frame   0x00000ff0      0x14c ./Drivers/STM32F4xx_HAL_Driver/Src/stm32f4xx_hal_gpio.o
 .debug_frame   0x0000113c      0x1f4 ./Drivers/STM32F4xx_HAL_Driver/Src/stm32f4xx_hal_rcc.o
 .debug_frame   0x00001330     0x11b8 ./Drivers/STM32F4xx_HAL_Driver/Src/stm32f4xx_hal_tim.o
 .debug_frame   0x000024e8      0x638 ./Drivers/STM32F4xx_HAL_Driver/Src/stm32f4xx_hal_tim_ex.o
 .debug_frame   0x00002b20      0x954 ./Drivers/STM32F4xx_HAL_Driver/Src/stm32f4xx_hal_uart.o
 .debug_frame   0x00003474       0x20 C:/ST/STM32CubeIDE_1.18.1/STM32CubeIDE/plugins/com.st.stm32cube.ide.mcu.externaltools.gnu-tools-for-stm32.13.3.rel1.win32_1.0.0.202411081344/tools/bin/../lib/gcc/arm-none-eabi/13.3.1/../../../../arm-none-eabi/lib/thumb/v7e-m+fp/hard\libc_nano.a(libc_a-memset.o)
 .debug_frame   0x00003494       0x2c C:/ST/STM32CubeIDE_1.18.1/STM32CubeIDE/plugins/com.st.stm32cube.ide.mcu.externaltools.gnu-tools-for-stm32.13.3.rel1.win32_1.0.0.202411081344/tools/bin/../lib/gcc/arm-none-eabi/13.3.1/../../../../arm-none-eabi/lib/thumb/v7e-m+fp/hard\libc_nano.a(libc_a-init.o)
 .debug_frame   0x000034c0       0x2c C:/ST/STM32CubeIDE_1.18.1/STM32CubeIDE/plugins/com.st.stm32cube.ide.mcu.externaltools.gnu-tools-for-stm32.13.3.rel1.win32_1.0.0.202411081344/tools/bin/../lib/gcc/arm-none-eabi/13.3.1/thumb/v7e-m+fp/hard\libgcc.a(_aeabi_uldivmod.o)
 .debug_frame   0x000034ec       0x34 C:/ST/STM32CubeIDE_1.18.1/STM32CubeIDE/plugins/com.st.stm32cube.ide.mcu.externaltools.gnu-tools-for-stm32.13.3.rel1.win32_1.0.0.202411081344/tools/bin/../lib/gcc/arm-none-eabi/13.3.1/thumb/v7e-m+fp/hard\libgcc.a(_udivmoddi4.o)

.debug_line_str
                0x00000000       0x5e
 .debug_line_str
                0x00000000       0x5e ./Core/Startup/startup_stm32f401retx.o
